// Jest Snapshot v1, https://goo.gl/fbAQLP

exports[`<OsmToGeoJson /> should render correctly 1`] = `ShallowWrapper {}`;
